../Core/Inc/mpu.h:22:6:MPU6050_Init	32	static
../Core/Inc/mpu.h:31:6:MPU6050_Read_Accel	40	static
../Core/Inc/mpu.h:52:6:MPU6050_Read_Gyro	40	static
../Core/Src/main.c:66:5:main	16	static
../Core/Src/main.c:122:5:__io_putchar	16	static
../Core/Src/main.c:130:13:Log_All_Sensors	136	static
../Core/Src/main.c:210:6:SystemClock_Config	96	static
../Core/Src/main.c:260:13:MX_I2C1_Init	8	static
../Core/Src/main.c:308:13:MX_USART1_UART_Init	8	static
../Core/Src/main.c:343:13:MX_USART2_UART_Init	8	static
../Core/Src/main.c:378:13:MX_GPIO_Init	48	static
../Core/Src/main.c:420:6:Error_Handler	4	static,ignoring_inline_asm
